I'm sorry, but errors were detected in your script. Please correct the
errors listed below, and try again.


File "game/script.rpy", line 45: else clause expects a non-empty block.
    else:
         ^

Ren'Py Version: Ren'Py 8.3.7.25031702
Sat Jul 26 23:05:11 2025
